[?7h[255D[40m
[0;1m[21C[31mÜÜ Ü Ü ÜÜÜÜ ÜÜÜÜ ÜÜÜÜ ÜÜ ÜÜÜÜ ÜÜÜÜÜ ÜÜ
  [33mÛ  Û  Û  Û  Û  Û   [31mÛÛ Û Û ÛÛ Û ÛÛ Û ÛÛ Û ÛÛ ÛÛ Û ÛÛ    ÛÛ [33mÛ  Û  Û  Û  Û  Û  Û
 Û  Û  Û  Û  Û  Û  Û [31mÛÛ Û Û ÛÛÜÛ ÛÛÜß ÛÛ Û ÛÛ ÛÛ Û ÛÛ ÜÜ ÛÛ   [33mÛ  Û  Û  Û  Û  Û
Û  Û  Û  Û  Û  Û  Û  [41m [31;40mÛ Û [41mß[1C [40mÛ Û [41mß[40mÛ Û [41mß[40mÛ Û [41mß[40mÛ [41mß[40mÛ Û [41mŞß[1C[40mß[41mİ[1C[40mßß  [33mÛ  Û  Û  Û  Û  Û
[21C[0;31mßßßßßß ßß ß ßß ß ßß ß ßß ßß ß ßßßßß ßß
[1;33mÄÄÄÄÄÄÄÄÄÄÄÄÄÄÄÄÄÄÄÄÄÄÄÄÄÄÄÄÄÄÄÄÄÄÄÄÄÄÄÄÄÄÄÄÄÄÄÄÄÄÄÄÄÄÄÄÄÄÄÄÄÄÄÄÄÄÄÄÄÄÄÄÄÄÄÄÄÄÄÄ
[16C[37mThis is an [31mexperimental [37mversion of Magicka BBS.

    Things are likely to break. Mail may go missing, the system may crash
    causing you to no longer be able to log in.

    Please be patient while I work out the kinks, and if you find a bug,
    please let me know! You can file an issue on github at:

[16C[36mhttp://github.com/apamment/MagickaBBS/

    [37mThankyou for your patience :)
[33mÄÄÄÄÄÄÄÄÄÄÄÄÄÄÄÄÄÄÄÄÄÄÄÄÄÄÄÄÄÄÄÄÄÄÄÄÄÄÄÄÄÄÄÄÄÄÄÄÄÄÄÄÄÄÄÄÄÄÄÄÄÄÄÄÄÄÄÄÄÄÄÄÄÄÄÄÄÄÄÄ
[0m[255D
